测速日志 2026-09-29 05:05:34
速度阈值: 50KB/s
去重功能: 已启用
EPG源: https://gh-proxy.com/https://raw.githubusercontent.com/adminouyang/231006/refs/heads/main/py/TV/EPG/epg.xml
[2026-09-29 05:06:12] ✅ 测速成功: https://tmxk.pp.ua/tv.mp4
   速度: 16130.15KB/s > 50KB/s | 数据量: 104.0KB | 总耗时: 1.16s
[2026-09-29 05:06:12] ⚠️ 仅读取 7.3KB 数据: http://hlsztemgsplive.miguvideo.com:8080/wd_r2/cctv/cctv1hd/1200/01.m3u8?msisdn=d0ffcb540da285a0b7b04ea0314107b5&mdspid=&spid=699004&netType=0&sid=2201057821&pid=2028597139&timestamp=20260929112524&Channel_ID=0116_2600034600-99000-201600010032403&ProgramID=608807420&ParentNodeID=-99&assertID=2201057821&client_ip=113.6.228.175&SecurityKey=20260929112524&promotionId=&mvid=2201057821&mcid=500020&playurlVersion=ZQ-A1-9.9.2-SNAPSHOT&userid=&jmhm=&videocodec=h264&appCode=miguvideo_android&bean=mgspad&tid=android&conFee=0&mtv_session=cfccfb759e730cae62476269dcd0840f&sv=10004&ct=android&HlsSubType=1&HlsProfileId=1&nphaid=0&encrypt=b5504d723fdf474c268f636ac75f2aaa
[2026-09-29 05:06:12] ✅ 测速成功: http://hlsztemgsplive.miguvideo.com:8080/wd_r2/cctv/cctv1hd/1200/01.m3u8?msisdn=d0ffcb540da285a0b7b04ea0314107b5&mdspid=&spid=699004&netType=0&sid=2201057821&pid=2028597139&timestamp=20260929112524&Channel_ID=0116_2600034600-99000-201600010032403&ProgramID=608807420&ParentNodeID=-99&assertID=2201057821&client_ip=113.6.228.175&SecurityKey=20260929112524&promotionId=&mvid=2201057821&mcid=500020&playurlVersion=ZQ-A1-9.9.2-SNAPSHOT&userid=&jmhm=&videocodec=h264&appCode=miguvideo_android&bean=mgspad&tid=android&conFee=0&mtv_session=cfccfb759e730cae62476269dcd0840f&sv=10004&ct=android&HlsSubType=1&HlsProfileId=1&nphaid=0&encrypt=b5504d723fdf474c268f636ac75f2aaa
   速度: 7312.50KB/s > 50KB/s | 数据量: 7.3KB | 总耗时: 0.22s
[2026-09-29 05:06:14] ⚠️ 仅读取 2.5KB 数据: http://hlszymgsplive.miguvideo.com:8080/wd_r2/cctv/cctv1hd/1200/01.m3u8?msisdn=66759690b3193a597b1918c7595cda2e&mdspid=&spid=699004&netType=0&sid=2201057821&pid=2028597139&timestamp=20260929111833&Channel_ID=0116_2600034600-99000-201600010045808&ProgramID=608807420&ParentNodeID=-99&assertID=2201057821&client_ip=113.6.228.4&SecurityKey=20260929111833&promotionId=&mvid=2201057821&mcid=500020&playurlVersion=ZQ-A1-9.9.2-SNAPSHOT&userid=&jmhm=&videocodec=h264&appCode=miguvideo_android&bean=mgspad&tid=android&conFee=0&mtv_session=7e8b583797fcc46e0f7d6c19d594611b&sv=10004&ct=android&HlsSubType=1&HlsProfileId=1&nphaid=0&encrypt=5bb97dd1659cf5b3e63a010832a6b906
[2026-09-29 05:06:14] ✅ 测速成功: http://hlszymgsplive.miguvideo.com:8080/wd_r2/cctv/cctv1hd/1200/01.m3u8?msisdn=66759690b3193a597b1918c7595cda2e&mdspid=&spid=699004&netType=0&sid=2201057821&pid=2028597139&timestamp=20260929111833&Channel_ID=0116_2600034600-99000-201600010045808&ProgramID=608807420&ParentNodeID=-99&assertID=2201057821&client_ip=113.6.228.4&SecurityKey=20260929111833&promotionId=&mvid=2201057821&mcid=500020&playurlVersion=ZQ-A1-9.9.2-SNAPSHOT&userid=&jmhm=&videocodec=h264&appCode=miguvideo_android&bean=mgspad&tid=android&conFee=0&mtv_session=7e8b583797fcc46e0f7d6c19d594611b&sv=10004&ct=android&HlsSubType=1&HlsProfileId=1&nphaid=0&encrypt=5bb97dd1659cf5b3e63a010832a6b906
   速度: 1716.65KB/s > 50KB/s | 数据量: 2.5KB | 总耗时: 1.48s
[2026-09-29 05:06:15] ⚠️ 仅读取 0.2KB 数据: http://play.kankanlive.com/live/1698234869325962.m3u8
[2026-09-29 05:06:15] ✅ 测速成功: http://play.kankanlive.com/live/1698234869325962.m3u8
   速度: 249.02KB/s > 50KB/s | 数据量: 0.2KB | 总耗时: 1.52s
[2026-09-29 05:06:16] ⚠️ 仅读取 0.5KB 数据: http://pull-hls-f11.douyincdn.com/media/stream-120105451703763628.m3u8?expire=1790844790&sign=dd1efce5995b3f95e87042b53327ff97&arch_hrchy=w1&exp_hrchy=w1&major_anchor_level=common&t_id=037-20260924165310D782B751D3F146884B3A-81pCoE
[2026-09-29 05:06:16] ✅ 测速成功: http://pull-hls-f11.douyincdn.com/media/stream-120105451703763628.m3u8?expire=1790844790&sign=dd1efce5995b3f95e87042b53327ff97&arch_hrchy=w1&exp_hrchy=w1&major_anchor_level=common&t_id=037-20260924165310D782B751D3F146884B3A-81pCoE
   速度: 467.77KB/s > 50KB/s | 数据量: 0.5KB | 总耗时: 0.94s
[2026-09-29 05:06:21] ⚠️ 仅读取 0.0KB 数据: https://tx-origin.pull.yximgs.com/gifshow/kwai_actL_ol_act_14971733013_strL_GameAvcHdL0.flv?txSecret=08885098b2897ea0bd79975ec7f61da0&txTime=6abc613d&stat=hLgdQNK2mOxelJCK%2FxPH514Qs7a%2BDSd7npDiGNw1wsVBRfOagrHum%2BZMg4bDf2Me&tsc=origin&highTraffic=2&oidc=watchmen&sidc=2062&no_script=1&srcStrm=RrCYuC3-jJA&ss=s20&tfc_buyer=0
[2026-09-29 05:06:21] ⚠️ 速度不足: https://tx-origin.pull.yximgs.com/gifshow/kwai_actL_ol_act_14971733013_strL_GameAvcHdL0.flv?txSecret=08885098b2897ea0bd79975ec7f61da0&txTime=6abc613d&stat=hLgdQNK2mOxelJCK%2FxPH514Qs7a%2BDSd7npDiGNw1wsVBRfOagrHum%2BZMg4bDf2Me&tsc=origin&highTraffic=2&oidc=watchmen&sidc=2062&no_script=1&srcStrm=RrCYuC3-jJA&ss=s20&tfc_buyer=0
   速度: 0.00KB/s <= 50KB/s | 数据量: 0.0KB | 总耗时: 4.97s
[2026-09-29 05:06:22] ⚠️ 仅读取 0.2KB 数据: http://pull-hls-f6.douyinliving.com/media/stream-120120965258019666/index.m3u8?k=7e522b06b387b385&t=1791248845&s_anchor=1&arch_hrchy=s2&major_anchor_level=vip&t_id=037-20260929090724C24168C5E8B5939BB128-N2TypI
[2026-09-29 05:06:22] ✅ 测速成功: http://pull-hls-f6.douyinliving.com/media/stream-120120965258019666/index.m3u8?k=7e522b06b387b385&t=1791248845&s_anchor=1&arch_hrchy=s2&major_anchor_level=vip&t_id=037-20260929090724C24168C5E8B5939BB128-N2TypI
   速度: 173.83KB/s > 50KB/s | 数据量: 0.2KB | 总耗时: 1.15s
[2026-09-29 05:06:23] ⚠️ 仅读取 0.4KB 数据: http://pull-hls-f26.douyincdn.com/media/stream-408396397093061292.m3u8?expire=6ac44974&sign=5d9ed7c0a82131f98d88df7462caf597&arch_hrchy=w1&exp_hrchy=w1&major_anchor_level=common&t_id=037-202609290905564E07510191299F6772AE-OLfbwC
[2026-09-29 05:06:23] ✅ 测速成功: http://pull-hls-f26.douyincdn.com/media/stream-408396397093061292.m3u8?expire=6ac44974&sign=5d9ed7c0a82131f98d88df7462caf597&arch_hrchy=w1&exp_hrchy=w1&major_anchor_level=common&t_id=037-202609290905564E07510191299F6772AE-OLfbwC
   速度: 416.99KB/s > 50KB/s | 数据量: 0.4KB | 总耗时: 0.80s
[2026-09-29 05:06:24] ⚠️ 仅读取 0.2KB 数据: http://hlsal-ldvt.qing.mgtv.com/nn_live/nn_x64/Y2RuZXhfaWQ9YWxfaGxzX2xkdnQmZT02OTE0NjA0JnY9MSZpZD1ITldTWkdTVCZzPTcwN2RiYTc2YzJjNmJmMTQ4MmUyZGYzOWU2NWM3YWFi/HNWSZGST.m3u8
[2026-09-29 05:06:24] ✅ 测速成功: http://hlsal-ldvt.qing.mgtv.com/nn_live/nn_x64/Y2RuZXhfaWQ9YWxfaGxzX2xkdnQmZT02OTE0NjA0JnY9MSZpZD1ITldTWkdTVCZzPTcwN2RiYTc2YzJjNmJmMTQ4MmUyZGYzOWU2NWM3YWFi/HNWSZGST.m3u8
   速度: 225.59KB/s > 50KB/s | 数据量: 0.2KB | 总耗时: 0.97s
[2026-09-29 05:06:25] ⚠️ 仅读取 0.2KB 数据: http://182.150.112.112:2025/hls/57/index.m3u8
[2026-09-29 05:06:25] ✅ 测速成功: http://182.150.112.112:2025/hls/57/index.m3u8
   速度: 229.49KB/s > 50KB/s | 数据量: 0.2KB | 总耗时: 0.51s
[2026-09-29 05:06:26] ⚠️ 仅读取 0.1KB 数据: https://hlsbkmgsplive.miguvideo.com/wd-hunanhd-2500/01.m3u8?&HlsSubType=&encrypt=
[2026-09-29 05:06:26] ✅ 测速成功: https://hlsbkmgsplive.miguvideo.com/wd-hunanhd-2500/01.m3u8?&HlsSubType=&encrypt=
   速度: 142.58KB/s > 50KB/s | 数据量: 0.1KB | 总耗时: 1.84s
[2026-09-29 05:06:28] ⚠️ 仅读取 0.3KB 数据: http://ali-xwl.cztv.com/live/channel011080Plxw.m3u8
[2026-09-29 05:06:28] ✅ 测速成功: http://ali-xwl.cztv.com/live/channel011080Plxw.m3u8
   速度: 68.49KB/s > 50KB/s | 数据量: 0.3KB | 总耗时: 1.87s
[2026-09-29 05:06:29] ⚠️ 仅读取 0.4KB 数据: http://120.233.73.4:19901/tsfile/live/1034_1.m3u8?key=txiptv&playlive=1&authid=0
[2026-09-29 05:06:29] ✅ 测速成功: http://120.233.73.4:19901/tsfile/live/1034_1.m3u8?key=txiptv&playlive=1&authid=0
   速度: 433.59KB/s > 50KB/s | 数据量: 0.4KB | 总耗时: 0.48s
[2026-09-29 05:06:29] ⚠️ 仅读取 0.2KB 数据: http://183.11.239.36:808/hls/42/index.m3u8
[2026-09-29 05:06:29] ✅ 测速成功: http://183.11.239.36:808/hls/42/index.m3u8
   速度: 233.40KB/s > 50KB/s | 数据量: 0.2KB | 总耗时: 0.44s
[2026-09-29 05:06:34] ⚠️ 仅读取 0.2KB 数据: https://www.sgmsw.cn/videos/tv/201805/1308/SB05RIYZOU8JR418AUQOF62CAJQ08D0E/hls/live.m3u8
[2026-09-29 05:06:34] ✅ 测速成功: https://www.sgmsw.cn/videos/tv/201805/1308/SB05RIYZOU8JR418AUQOF62CAJQ08D0E/hls/live.m3u8
   速度: 199.22KB/s > 50KB/s | 数据量: 0.2KB | 总耗时: 4.47s
[2026-09-29 05:06:35] ⚠️ 仅读取 0.4KB 数据: http://tmpstream.hyrtv.cn/xwzh/sd/live.m3u8
[2026-09-29 05:06:35] ✅ 测速成功: http://tmpstream.hyrtv.cn/xwzh/sd/live.m3u8
   速度: 355.47KB/s > 50KB/s | 数据量: 0.4KB | 总耗时: 0.98s
[2026-09-29 05:06:36] ⚠️ 仅读取 0.1KB 数据: https://liveplay-srs.voc.com.cn/hls/tv/203_10cdf5.m3u8
[2026-09-29 05:06:36] ✅ 测速成功: https://liveplay-srs.voc.com.cn/hls/tv/203_10cdf5.m3u8
   速度: 142.58KB/s > 50KB/s | 数据量: 0.1KB | 总耗时: 1.08s
[2026-09-29 05:06:40] ⚠️ 仅读取 0.3KB 数据: http://l.cztvcloud.com/channels/lantian/SXshengzhou1/720p.m3u8
[2026-09-29 05:06:40] ✅ 测速成功: http://l.cztvcloud.com/channels/lantian/SXshengzhou1/720p.m3u8
   速度: 289.06KB/s > 50KB/s | 数据量: 0.3KB | 总耗时: 4.24s
[2026-09-29 05:06:41] ⚠️ 仅读取 1.1KB 数据: http://hzcm-live.media.hugd.com/3f5fa7d64c7c46a38c6bd8ad35e836cc/65128273761b4731ae53729ea6dcf932.m3u8?auth_key=2277598215-9d21c15111244bea8d298c361d31a72e-0-d031198f58d44b0e91ba2e3f3b188865
[2026-09-29 05:06:41] ✅ 测速成功: http://hzcm-live.media.hugd.com/3f5fa7d64c7c46a38c6bd8ad35e836cc/65128273761b4731ae53729ea6dcf932.m3u8?auth_key=2277598215-9d21c15111244bea8d298c361d31a72e-0-d031198f58d44b0e91ba2e3f3b188865
   速度: 1119.14KB/s > 50KB/s | 数据量: 1.1KB | 总耗时: 1.23s
[2026-09-29 05:06:43] ⚠️ 仅读取 0.7KB 数据: http://live.shaoxing.com.cn/video/s10001-sxtv1/index.m3u8
[2026-09-29 05:06:43] ✅ 测速成功: http://live.shaoxing.com.cn/video/s10001-sxtv1/index.m3u8
   速度: 681.64KB/s > 50KB/s | 数据量: 0.7KB | 总耗时: 1.58s
[2026-09-29 05:06:44] ⚠️ 仅读取 0.6KB 数据: http://nklive.nbs.cn/hls/d511bc9d-a694-4453-b3a2-4fc842cc97a1/index.m3u8
[2026-09-29 05:06:44] ✅ 测速成功: http://nklive.nbs.cn/hls/d511bc9d-a694-4453-b3a2-4fc842cc97a1/index.m3u8
   速度: 559.57KB/s > 50KB/s | 数据量: 0.6KB | 总耗时: 0.75s
[2026-09-29 05:06:44] ⚠️ 仅读取 0.2KB 数据: http://haimen-tv-hls.cm.jstv.com/haimen-tv/haimenxwzh.m3u8
[2026-09-29 05:06:44] ✅ 测速成功: http://haimen-tv-hls.cm.jstv.com/haimen-tv/haimenxwzh.m3u8
   速度: 233.40KB/s > 50KB/s | 数据量: 0.2KB | 总耗时: 0.77s
[2026-09-29 05:06:47] ❌ 测速失败: http://live1.habctv.com/ggpdsl/sd/live.m3u8
   错误: HTTPConnectionPool(host='live1.habctv.com', port=80): Max retries exceeded with url: /ggpdsl/sd/live.m3u8 (Caused by ConnectTimeoutError(<HTTPConnection(host='live1.habctv.com', port=80) at 0x7f3f80f92130>, 'Connection to live1.habctv.com timed out. (connect timeout=3.05)')) | 域名: live1.habctv.com:80
[2026-09-29 05:06:48] ⚠️ 仅读取 0.4KB 数据: http://stream3.huaihai.tv/xz2t/sd/live.m3u8
[2026-09-29 05:06:48] ✅ 测速成功: http://stream3.huaihai.tv/xz2t/sd/live.m3u8
   速度: 385.74KB/s > 50KB/s | 数据量: 0.4KB | 总耗时: 0.92s
[2026-09-29 05:06:50] ⚠️ 仅读取 0.4KB 数据: http://zjtv-wshls.homecdn.com/live/2aa50.m3u8
[2026-09-29 05:06:50] ✅ 测速成功: http://zjtv-wshls.homecdn.com/live/2aa50.m3u8
   速度: 432.62KB/s > 50KB/s | 数据量: 0.4KB | 总耗时: 1.14s
[2026-09-29 05:06:50] ⚠️ 仅读取 0.2KB 数据: http://dafeng-tv-hls.cm.jstv.com/dafeng-tv/dafengyt.m3u8
[2026-09-29 05:06:50] ✅ 测速成功: http://dafeng-tv-hls.cm.jstv.com/dafeng-tv/dafengyt.m3u8
   速度: 229.49KB/s > 50KB/s | 数据量: 0.2KB | 总耗时: 0.43s
[2026-09-29 05:06:51] ⚠️ 仅读取 0.2KB 数据: http://rudong-tv-hls.cm.jstv.com/rudong-tv/rdxwzh.m3u8
[2026-09-29 05:06:51] ✅ 测速成功: http://rudong-tv-hls.cm.jstv.com/rudong-tv/rdxwzh.m3u8
   速度: 225.59KB/s > 50KB/s | 数据量: 0.2KB | 总耗时: 0.65s
[2026-09-29 05:06:52] ⚠️ 仅读取 0.4KB 数据: http://m.m3u8.wifiwx.com/live/wifiwx-494.m3u8
[2026-09-29 05:06:52] ✅ 测速成功: http://m.m3u8.wifiwx.com/live/wifiwx-494.m3u8
   速度: 431.64KB/s > 50KB/s | 数据量: 0.4KB | 总耗时: 1.86s
[2026-09-29 05:06:56] ⚠️ 仅读取 7.6KB 数据: http://stream.thmz.com/wxtv1/sd/live.m3u8
[2026-09-29 05:06:56] ✅ 测速成功: http://stream.thmz.com/wxtv1/sd/live.m3u8
   速度: 7555.66KB/s > 50KB/s | 数据量: 7.6KB | 总耗时: 3.69s
[2026-09-29 05:06:58] ⚠️ 仅读取 0.1KB 数据: http://jrlive.jrntv.com/live/jrxwzh/playlist.m3u8
[2026-09-29 05:06:58] ⚠️ 速度不足: http://jrlive.jrntv.com/live/jrxwzh/playlist.m3u8
   速度: 4.33KB/s <= 50KB/s | 数据量: 0.1KB | 总耗时: 2.16s
[2026-09-29 05:07:00] ⚠️ 仅读取 0.3KB 数据: http://live.wjyanghu.com/live/CH2.m3u8
[2026-09-29 05:07:00] ✅ 测速成功: http://live.wjyanghu.com/live/CH2.m3u8
   速度: 266.60KB/s > 50KB/s | 数据量: 0.3KB | 总耗时: 2.17s
[2026-09-29 05:07:02] ⚠️ 仅读取 0.3KB 数据: http://livebjsy.chinamcache.com/live/zb01.m3u8
[2026-09-29 05:07:02] ✅ 测速成功: http://livebjsy.chinamcache.com/live/zb01.m3u8
   速度: 297.85KB/s > 50KB/s | 数据量: 0.3KB | 总耗时: 1.24s
[2026-09-29 05:07:04] ⚠️ 仅读取 0.2KB 数据: https://livebjsy.chinamcache.com/live/zb02.flv
[2026-09-29 05:07:04] ✅ 测速成功: https://livebjsy.chinamcache.com/live/zb02.flv
   速度: 248.05KB/s > 50KB/s | 数据量: 0.2KB | 总耗时: 1.79s
[2026-09-29 05:07:07] ❌ 测速失败: https://rmplive.hljtv.com/live/haerbin.m3u8
   错误: HTTPSConnectionPool(host='rmplive.hljtv.com', port=443): Max retries exceeded with url: /live/haerbin.m3u8 (Caused by ConnectTimeoutError(<HTTPSConnection(host='rmplive.hljtv.com', port=443) at 0x7f3f80f33c70>, 'Connection to rmplive.hljtv.com timed out. (connect timeout=3.05)')) | 域名: rmplive.hljtv.com:443
[2026-09-29 05:07:08] ⚠️ 仅读取 0.4KB 数据: https://stream.hrbtv.net/xwzh/sd/live.m3u8
[2026-09-29 05:07:08] ✅ 测速成功: https://stream.hrbtv.net/xwzh/sd/live.m3u8
   速度: 355.47KB/s > 50KB/s | 数据量: 0.4KB | 总耗时: 1.31s
[2026-09-29 05:07:09] ⚠️ 仅读取 0.4KB 数据: http://stream.hrbtv.net/xwzh/sd/live.m3u8
[2026-09-29 05:07:09] ✅ 测速成功: http://stream.hrbtv.net/xwzh/sd/live.m3u8
   速度: 355.47KB/s > 50KB/s | 数据量: 0.4KB | 总耗时: 0.62s
[2026-09-29 05:07:12] ❌ 测速失败: https://masterpull.hljtv.com/live/vQtnS3vX.m3u8
   错误: HTTPSConnectionPool(host='masterpull.hljtv.com', port=443): Max retries exceeded with url: /live/vQtnS3vX.m3u8 (Caused by ConnectTimeoutError(<HTTPSConnection(host='masterpull.hljtv.com', port=443) at 0x7f3f80f377f0>, 'Connection to masterpull.hljtv.com timed out. (connect timeout=3.05)')) | 域名: masterpull.hljtv.com:443
[2026-09-29 05:07:13] ⚠️ 仅读取 0.4KB 数据: https://liveplaysr.dbw.cn/lsdream/amzPoBP/1000/live.m3u8
[2026-09-29 05:07:13] ✅ 测速成功: https://liveplaysr.dbw.cn/lsdream/amzPoBP/1000/live.m3u8
   速度: 366.21KB/s > 50KB/s | 数据量: 0.4KB | 总耗时: 1.45s
[2026-09-29 05:07:14] ⚠️ 仅读取 0.0KB 数据: http://play-a2.quklive.com/live/1744277411242065.m3u8
[2026-09-29 05:07:14] ⚠️ 速度不足: http://play-a2.quklive.com/live/1744277411242065.m3u8
   速度: 16.60KB/s <= 50KB/s | 数据量: 0.0KB | 总耗时: 0.54s
[2026-09-29 05:07:15] ⚠️ 仅读取 0.0KB 数据: https://play-a2.quklive.com/live/1754033359790055.m3u8
[2026-09-29 05:07:15] ⚠️ 速度不足: https://play-a2.quklive.com/live/1754033359790055.m3u8
   速度: 16.60KB/s <= 50KB/s | 数据量: 0.0KB | 总耗时: 0.65s
[2026-09-29 05:07:18] ❌ 测速失败: http://gxlive.snrtv.com/nlws-SD.m3u8
   错误: HTTPConnectionPool(host='gxlive.snrtv.com', port=80): Max retries exceeded with url: /nlws-SD.m3u8 (Caused by ConnectTimeoutError(<HTTPConnection(host='gxlive.snrtv.com', port=80) at 0x7f3f80f37910>, 'Connection to gxlive.snrtv.com timed out. (connect timeout=3.05)')) | 域名: gxlive.snrtv.com:80
[2026-09-29 05:07:22] ⚠️ 仅读取 0.0KB 数据: https://xatv-yt.xiancity.cn/live/1/index.m3u8
[2026-09-29 05:07:22] ⚠️ 速度不足: https://xatv-yt.xiancity.cn/live/1/index.m3u8
   速度: 0.00KB/s <= 50KB/s | 数据量: 0.0KB | 总耗时: 4.15s
[2026-09-29 05:07:25] ⚠️ 仅读取 0.2KB 数据: https://hplayer1.juyun.tv/camera/140908134.m3u8
[2026-09-29 05:07:25] ✅ 测速成功: https://hplayer1.juyun.tv/camera/140908134.m3u8
   速度: 240.23KB/s > 50KB/s | 数据量: 0.2KB | 总耗时: 2.68s
[2026-09-29 05:07:28] ⚠️ 仅读取 0.2KB 数据: http://hls.nntv.cn/nnlive/NNTV_NEWS_A.m3u8
[2026-09-29 05:07:28] ✅ 测速成功: http://hls.nntv.cn/nnlive/NNTV_NEWS_A.m3u8
   速度: 235.35KB/s > 50KB/s | 数据量: 0.2KB | 总耗时: 2.93s
[2026-09-29 05:07:28] ⚠️ 仅读取 0.0KB 数据: http://live.gxrb.com.cn/gx/binyang/index.m3u8
[2026-09-29 05:07:28] ⚠️ 速度不足: http://live.gxrb.com.cn/gx/binyang/index.m3u8
   速度: 0.00KB/s <= 50KB/s | 数据量: 0.0KB | 总耗时: 0.57s
[2026-09-29 05:07:30] ⚠️ 仅读取 0.4KB 数据: http://hslive.hsnewsnet.com/lsdream/hve9Wjs/1000/live.m3u8
[2026-09-29 05:07:30] ✅ 测速成功: http://hslive.hsnewsnet.com/lsdream/hve9Wjs/1000/live.m3u8
   速度: 362.30KB/s > 50KB/s | 数据量: 0.4KB | 总耗时: 1.46s
[2026-09-29 05:07:33] ❌ 测速失败: http://live.ahsz.tv/video/s10001-szzh/index.m3u8
   错误: HTTPConnectionPool(host='live.ahsz.tv', port=80): Max retries exceeded with url: /video/s10001-szzh/index.m3u8 (Caused by NewConnectionError("HTTPConnection(host='live.ahsz.tv', port=80): Failed to establish a new connection: [Errno 101] Network is unreachable")) | 域名: live.ahsz.tv:80
[2026-09-29 05:07:34] ⚠️ 仅读取 0.3KB 数据: http://60.171.239.216:9080/hls/stream1.m3u8
[2026-09-29 05:07:34] ✅ 测速成功: http://60.171.239.216:9080/hls/stream1.m3u8
   速度: 299.80KB/s > 50KB/s | 数据量: 0.3KB | 总耗时: 0.50s
[2026-09-29 05:07:35] ⚠️ 仅读取 0.2KB 数据: http://www.guzhenm.com:7004/hls/hd-live.m3u8
[2026-09-29 05:07:35] ✅ 测速成功: http://www.guzhenm.com:7004/hls/hd-live.m3u8
   速度: 181.64KB/s > 50KB/s | 数据量: 0.2KB | 总耗时: 1.44s
[2026-09-29 05:07:36] ⚠️ 仅读取 0.2KB 数据: http://live.cms.anhuinews.com/video/s10003-lbtv/index.m3u8
[2026-09-29 05:07:36] ✅ 测速成功: http://live.cms.anhuinews.com/video/s10003-lbtv/index.m3u8
   速度: 232.42KB/s > 50KB/s | 数据量: 0.2KB | 总耗时: 1.39s
[2026-09-29 05:07:38] ⚠️ 仅读取 0.1KB 数据: http://stream2.jlntv.cn/baishan1/playlist.m3u8
[2026-09-29 05:07:38] ✅ 测速成功: http://stream2.jlntv.cn/baishan1/playlist.m3u8
   速度: 90.82KB/s > 50KB/s | 数据量: 0.1KB | 总耗时: 1.11s
[2026-09-29 05:07:38] ⚠️ 仅读取 0.4KB 数据: http://222.179.155.21:1935/ch1.m3u8
[2026-09-29 05:07:38] ✅ 测速成功: http://222.179.155.21:1935/ch1.m3u8
   速度: 405.27KB/s > 50KB/s | 数据量: 0.4KB | 总耗时: 0.47s
[2026-09-29 05:07:39] ⚠️ 仅读取 0.1KB 数据: http://183.230.184.51:65500/tntv1.m3u8
[2026-09-29 05:07:39] ⚠️ 速度不足: http://183.230.184.51:65500/tntv1.m3u8
   速度: 0.51KB/s <= 50KB/s | 数据量: 0.1KB | 总耗时: 0.77s
[2026-09-29 05:07:40] ⚠️ 仅读取 0.1KB 数据: http://183.64.181.25:40023/rongchang01.m3u8
[2026-09-29 05:07:40] ⚠️ 速度不足: http://183.64.181.25:40023/rongchang01.m3u8
   速度: 0.49KB/s <= 50KB/s | 数据量: 0.1KB | 总耗时: 0.77s
[2026-09-29 05:07:40] ⚠️ 仅读取 0.3KB 数据: http://tvfile.mcrm.org.cn/nmip-media/channellive/channel103064/playlist.m3u8
[2026-09-29 05:07:40] ✅ 测速成功: http://tvfile.mcrm.org.cn/nmip-media/channellive/channel103064/playlist.m3u8
   速度: 271.48KB/s > 50KB/s | 数据量: 0.3KB | 总耗时: 0.71s
[2026-09-29 05:07:41] ⚠️ 仅读取 0.3KB 数据: http://file.i0834.cn/nmpi-media/channellive/channel115044/playlist.m3u8
[2026-09-29 05:07:41] ✅ 测速成功: http://file.i0834.cn/nmpi-media/channellive/channel115044/playlist.m3u8
   速度: 266.60KB/s > 50KB/s | 数据量: 0.3KB | 总耗时: 0.76s
[2026-09-29 05:07:42] ⚠️ 仅读取 0.3KB 数据: http://175.155.106.72:89/live1/live1.m3u8
[2026-09-29 05:07:42] ✅ 测速成功: http://175.155.106.72:89/live1/live1.m3u8
   速度: 254.88KB/s > 50KB/s | 数据量: 0.3KB | 总耗时: 0.50s
[2026-09-29 05:07:42] ⚠️ 仅读取 0.2KB 数据: http://live1.gatv.com.cn:85/live/XWZH.m3u8
[2026-09-29 05:07:42] ⚠️ 速度不足: http://live1.gatv.com.cn:85/live/XWZH.m3u8
   速度: 0.96KB/s <= 50KB/s | 数据量: 0.2KB | 总耗时: 0.91s
[2026-09-29 05:07:45] ⚠️ 仅读取 0.3KB 数据: http://m3u8.channel.luzhoubs.com/nmip-media/channellive/channel106011/playlist.m3u8
[2026-09-29 05:07:45] ✅ 测速成功: http://m3u8.channel.luzhoubs.com/nmip-media/channellive/channel106011/playlist.m3u8
   速度: 271.48KB/s > 50KB/s | 数据量: 0.3KB | 总耗时: 2.50s
[2026-09-29 05:07:46] ⚠️ 仅读取 0.2KB 数据: http://live.schstv.com:90/live/xwzh.m3u8
[2026-09-29 05:07:46] ⚠️ 速度不足: http://live.schstv.com:90/live/xwzh.m3u8
   速度: 0.96KB/s <= 50KB/s | 数据量: 0.2KB | 总耗时: 0.88s
[2026-09-29 05:07:47] ⚠️ 仅读取 0.2KB 数据: http://live.jinchuanrmt.com:90/live/zhxw.m3u8
[2026-09-29 05:07:47] ⚠️ 速度不足: http://live.jinchuanrmt.com:90/live/zhxw.m3u8
   速度: 0.91KB/s <= 50KB/s | 数据量: 0.2KB | 总耗时: 0.95s
[2026-09-29 05:07:48] ⚠️ 仅读取 0.2KB 数据: http://live2.gatv.com.cn:86/live/WS.m3u8
[2026-09-29 05:07:48] ⚠️ 速度不足: http://live2.gatv.com.cn:86/live/WS.m3u8
   速度: 0.92KB/s <= 50KB/s | 数据量: 0.2KB | 总耗时: 1.04s
[2026-09-29 05:07:49] ⚠️ 仅读取 0.3KB 数据: http://file.ysxtv.cn/cms/videos/nmip-media/channellive/channel1/playlist.m3u8
[2026-09-29 05:07:49] ✅ 测速成功: http://file.ysxtv.cn/cms/videos/nmip-media/channellive/channel1/playlist.m3u8
   速度: 265.62KB/s > 50KB/s | 数据量: 0.3KB | 总耗时: 0.78s
[2026-09-29 05:07:52] ❌ 测速失败: http://channel.wcrmt.cn/nmip-media/channellive/channel105268/playlist.m3u8
   错误: HTTPConnectionPool(host='channel.wcrmt.cn', port=80): Max retries exceeded with url: /nmip-media/channellive/channel105268/playlist.m3u8 (Caused by NewConnectionError("HTTPConnection(host='channel.wcrmt.cn', port=80): Failed to establish a new connection: [Errno 101] Network is unreachable")) | 域名: channel.wcrmt.cn:80
[2026-09-29 05:07:54] ⚠️ 仅读取 0.3KB 数据: https://livepull.dachuan.org.cn/live/fmzb1653876985419.m3u8
[2026-09-29 05:07:54] ✅ 测速成功: https://livepull.dachuan.org.cn/live/fmzb1653876985419.m3u8
   速度: 251.95KB/s > 50KB/s | 数据量: 0.3KB | 总耗时: 1.80s
[2026-09-29 05:07:55] ⚠️ 仅读取 0.1KB 数据: http://jwcdnqx.hebyun.com.cn/live/jybd/1500k/tzwj_video.m3u8
[2026-09-29 05:07:55] ✅ 测速成功: http://jwcdnqx.hebyun.com.cn/live/jybd/1500k/tzwj_video.m3u8
   速度: 149.41KB/s > 50KB/s | 数据量: 0.1KB | 总耗时: 1.18s
[2026-09-29 05:07:56] ⚠️ 仅读取 0.5KB 数据: https://jwcdnqx.hebyun.com.cn/live/hdxwzh/1500k/tzwj_video.m3u8
[2026-09-29 05:07:56] ✅ 测速成功: https://jwcdnqx.hebyun.com.cn/live/hdxwzh/1500k/tzwj_video.m3u8
   速度: 513.67KB/s > 50KB/s | 数据量: 0.5KB | 总耗时: 0.81s
[2026-09-29 05:07:57] ⚠️ 仅读取 0.5KB 数据: http://jwplay.hebyun.com.cn/live/xtsrmtzs/1500k/tzwj_video.m3u8
[2026-09-29 05:07:57] ✅ 测速成功: http://jwplay.hebyun.com.cn/live/xtsrmtzs/1500k/tzwj_video.m3u8
   速度: 526.37KB/s > 50KB/s | 数据量: 0.5KB | 总耗时: 1.30s
[2026-09-29 05:07:58] ⚠️ 仅读取 0.5KB 数据: https://jwplay.hebyun.com.cn/live/xtsrmtzs/1500k/tzwj_video.m3u8
[2026-09-29 05:07:58] ✅ 测速成功: https://jwplay.hebyun.com.cn/live/xtsrmtzs/1500k/tzwj_video.m3u8
   速度: 526.37KB/s > 50KB/s | 数据量: 0.5KB | 总耗时: 0.78s
[2026-09-29 05:08:00] ⚠️ 仅读取 0.5KB 数据: http://live.zohi.tv/video/s10001-fztv-1/index.m3u8
[2026-09-29 05:08:00] ✅ 测速成功: http://live.zohi.tv/video/s10001-fztv-1/index.m3u8
   速度: 498.05KB/s > 50KB/s | 数据量: 0.5KB | 总耗时: 1.72s
[2026-09-29 05:08:00] ⚠️ 仅读取 0.3KB 数据: http://183.250.71.80:8090/hls/0/index.m3u8
[2026-09-29 05:08:00] ✅ 测速成功: http://183.250.71.80:8090/hls/0/index.m3u8
   速度: 274.41KB/s > 50KB/s | 数据量: 0.3KB | 总耗时: 0.46s
[2026-09-29 05:08:01] ⚠️ 仅读取 0.2KB 数据: http://live.zzyxxw.com:85/live/xwzh.m3u8
[2026-09-29 05:08:01] ⚠️ 速度不足: http://live.zzyxxw.com:85/live/xwzh.m3u8
   速度: 0.96KB/s <= 50KB/s | 数据量: 0.2KB | 总耗时: 0.98s
[2026-09-29 05:08:03] ⚠️ 仅读取 0.3KB 数据: https://livezzutv.chinamcache.com/live/zb02.m3u8
[2026-09-29 05:08:03] ✅ 测速成功: https://livezzutv.chinamcache.com/live/zb02.m3u8
   速度: 284.18KB/s > 50KB/s | 数据量: 0.3KB | 总耗时: 1.89s
[2026-09-29 05:08:03] ⚠️ 仅读取 2.0KB 数据: http://tvpull.dxhmt.cn:9081/tv/19001-1.m3u8
[2026-09-29 05:08:03] ✅ 测速成功: http://tvpull.dxhmt.cn:9081/tv/19001-1.m3u8
   速度: 1962.89KB/s > 50KB/s | 数据量: 2.0KB | 总耗时: 0.33s
[2026-09-29 05:08:04] ⚠️ 仅读取 2.0KB 数据: http://zhpull.dxhmt.cn/anyang/24edb37167474b17948c6fbaf09890b8/playlist.m3u8
[2026-09-29 05:08:04] ✅ 测速成功: http://zhpull.dxhmt.cn/anyang/24edb37167474b17948c6fbaf09890b8/playlist.m3u8
   速度: 2025.39KB/s > 50KB/s | 数据量: 2.0KB | 总耗时: 0.88s
[2026-09-29 05:08:05] ⚠️ 仅读取 1.4KB 数据: http://222.136.190.68:8081/live/6520562530090312540.m3u8
[2026-09-29 05:08:05] ✅ 测速成功: http://222.136.190.68:8081/live/6520562530090312540.m3u8
   速度: 1394.53KB/s > 50KB/s | 数据量: 1.4KB | 总耗时: 0.47s
[2026-09-29 05:08:05] ❌ 测速失败: http://push.xytv.cn/live/871627674812443875/index.m3u8
   错误: ('Connection aborted.', RemoteDisconnected('Remote end closed connection without response')) | 域名: push.xytv.cn:80
[2026-09-29 05:08:06] ⚠️ 仅读取 0.2KB 数据: http://pili-live-hls.hebitv.com/hebi/hbtv.m3u8
[2026-09-29 05:08:06] ✅ 测速成功: http://pili-live-hls.hebitv.com/hebi/hbtv.m3u8
   速度: 233.40KB/s > 50KB/s | 数据量: 0.2KB | 总耗时: 0.69s
[2026-09-29 05:08:07] ⚠️ 仅读取 0.4KB 数据: http://stream.jmtv.com.cn/xwzh/sd/live.m3u8
[2026-09-29 05:08:07] ✅ 测速成功: http://stream.jmtv.com.cn/xwzh/sd/live.m3u8
   速度: 356.45KB/s > 50KB/s | 数据量: 0.4KB | 总耗时: 0.80s
[2026-09-29 05:08:08] ⚠️ 仅读取 0.7KB 数据: http://p8.vzan.com/slowlive/701367497774448672/live.m3u8
[2026-09-29 05:08:08] ✅ 测速成功: http://p8.vzan.com/slowlive/701367497774448672/live.m3u8
   速度: 686.52KB/s > 50KB/s | 数据量: 0.7KB | 总耗时: 0.66s
[2026-09-29 05:08:09] ⚠️ 仅读取 0.2KB 数据: http://59.175.226.142:280/gb28181/xwzh.m3u8
[2026-09-29 05:08:09] ⚠️ 速度不足: http://59.175.226.142:280/gb28181/xwzh.m3u8
   速度: 0.96KB/s <= 50KB/s | 数据量: 0.2KB | 总耗时: 1.82s
[2026-09-29 05:08:10] ⚠️ 仅读取 0.4KB 数据: https://liveplay.ycrmt.cn/sxgd/zhpd.m3u8
[2026-09-29 05:08:10] ✅ 测速成功: https://liveplay.ycrmt.cn/sxgd/zhpd.m3u8
   速度: 397.46KB/s > 50KB/s | 数据量: 0.4KB | 总耗时: 1.05s
[2026-09-29 05:08:20] ❌ 测速失败: http://pullwftv.wftvqcm.com/live/wf2pda.m3u8
   错误: HTTPConnectionPool(host='pullwftv.wftvqcm.com', port=80): Max retries exceeded with url: /live/wf2pda.m3u8 (Caused by NameResolutionError("HTTPConnection(host='pullwftv.wftvqcm.com', port=80): Failed to resolve 'pullwftv.wftvqcm.com' ([Errno -3] Temporary failure in name resolution)")) | 域名: pullwftv.wftvqcm.com:80
[2026-09-29 05:08:26] ❌ 测速失败: http://live.yantaitv.cn/live/212803c257394d429606a0815d20e3ce/710c510f5a5441cb8fc062e2dd3e1a76.m3u8
   错误: HTTPConnectionPool(host='live.yantaitv.cn', port=80): Read timed out. (read timeout=5) | 域名: live.yantaitv.cn:80
[2026-09-29 05:08:29] ⚠️ 仅读取 0.3KB 数据: http://liveout.btzx.com.cn/62ds9e/d9vi5g.m3u8
[2026-09-29 05:08:29] ✅ 测速成功: http://liveout.btzx.com.cn/62ds9e/d9vi5g.m3u8
   速度: 266.60KB/s > 50KB/s | 数据量: 0.3KB | 总耗时: 3.02s
[2026-09-29 05:08:30] ⚠️ 仅读取 0.4KB 数据: http://live.jinnews.com.cn/xwzh/sd/live.m3u8
[2026-09-29 05:08:30] ✅ 测速成功: http://live.jinnews.com.cn/xwzh/sd/live.m3u8
   速度: 355.47KB/s > 50KB/s | 数据量: 0.4KB | 总耗时: 0.73s
[2026-09-29 05:08:56] ❌ 测速失败: https://f3jok3az.live.sxmty.com/live/hls/ebaa2bf2e7f94dc79d4e642ac76d2415/0d97361a940348729fbd0ee3f4eb9e47.m3u8
   错误: HTTPSConnectionPool(host='f3jok3az.live.sxmty.com', port=443): Max retries exceeded with url: /live/hls/ebaa2bf2e7f94dc79d4e642ac76d2415/0d97361a940348729fbd0ee3f4eb9e47.m3u8 (Caused by ConnectTimeoutError(<HTTPSConnection(host='f3jok3az.live.sxmty.com', port=443) at 0x7f3f80f33730>, 'Connection to f3jok3az.live.sxmty.com timed out. (connect timeout=3.05)')) | 域名: f3jok3az.live.sxmty.com:443
[2026-09-29 05:08:58] ⚠️ 仅读取 0.2KB 数据: http://uzoiczhh.live.sxmty.com/live/hls/0d41f1480c4042d49927858f01fde707/53130407737b417b9a6259b57246bae3.m3u8
[2026-09-29 05:08:58] ✅ 测速成功: http://uzoiczhh.live.sxmty.com/live/hls/0d41f1480c4042d49927858f01fde707/53130407737b417b9a6259b57246bae3.m3u8
   速度: 178.71KB/s > 50KB/s | 数据量: 0.2KB | 总耗时: 2.71s
[2026-09-29 05:08:59] ⚠️ 仅读取 0.2KB 数据: http://pili-live-hls.189.i2863.com/i2863-189/live_189_170656.m3u8
[2026-09-29 05:08:59] ✅ 测速成功: http://pili-live-hls.189.i2863.com/i2863-189/live_189_170656.m3u8
   速度: 245.12KB/s > 50KB/s | 数据量: 0.2KB | 总耗时: 0.33s
[2026-09-29 05:09:01] ⚠️ 仅读取 0.2KB 数据: https://play.kankanlive.com/live/1658978094528926.m3u8
[2026-09-29 05:09:01] ✅ 测速成功: https://play.kankanlive.com/live/1658978094528926.m3u8
   速度: 250.00KB/s > 50KB/s | 数据量: 0.2KB | 总耗时: 2.24s
[2026-09-29 05:09:02] ⚠️ 仅读取 0.2KB 数据: http://124.152.34.102:8030/wCMq71/wCMq71_0.m3u8
[2026-09-29 05:09:02] ⚠️ 速度不足: http://124.152.34.102:8030/wCMq71/wCMq71_0.m3u8
   速度: 0.75KB/s <= 50KB/s | 数据量: 0.2KB | 总耗时: 0.76s
[2026-09-29 05:09:06] ⚠️ 仅读取 0.7KB 数据: https://live.chinacert.cftest5.cn/cnmg/live/624878356?reptoken=R/mg&auth=
[2026-09-29 05:09:06] ✅ 测速成功: https://live.chinacert.cftest5.cn/cnmg/live/624878356?reptoken=R/mg&auth=
   速度: 666.02KB/s > 50KB/s | 数据量: 0.7KB | 总耗时: 4.02s
[2026-09-29 05:09:06] ⚠️ 仅读取 0.2KB 数据: http://114.242.62.109:888/hls/31/index.m3u8
[2026-09-29 05:09:06] ✅ 测速成功: http://114.242.62.109:888/hls/31/index.m3u8
   速度: 240.23KB/s > 50KB/s | 数据量: 0.2KB | 总耗时: 0.47s
[2026-09-29 05:09:13] ❌ 测速失败: https://bd-xwl.cztv.com/live/channel4k2160p.m3u8
   错误: HTTPSConnectionPool(host='bd-xwl.cztv.com', port=443): Read timed out. (read timeout=3.05) | 域名: bd-xwl.cztv.com:443
[2026-09-29 05:09:15] ⚠️ 仅读取 0.0KB 数据: http://166.0.198.156:5054/play/4gtv-4gtv003/index.m3u8?token=eIbUvRQxh8RkNPhHZFBVXJ-6Qc_6YrbL7An-JXhAAy5eJiAW2C8TL16It1zC-VBL&type=stream_proxy
[2026-09-29 05:09:15] ⚠️ 速度不足: http://166.0.198.156:5054/play/4gtv-4gtv003/index.m3u8?token=eIbUvRQxh8RkNPhHZFBVXJ-6Qc_6YrbL7An-JXhAAy5eJiAW2C8TL16It1zC-VBL&type=stream_proxy
   速度: 41.02KB/s <= 50KB/s | 数据量: 0.0KB | 总耗时: 1.56s
[2026-09-29 05:09:15] ⚠️ 仅读取 0.2KB 数据: http://hitv.airinf.eu.org:5051/post/index.m3u8?proxy=true&token=1314&pid=4gtv-4gtv003&cid=1
[2026-09-29 05:09:15] ✅ 测速成功: http://hitv.airinf.eu.org:5051/post/index.m3u8?proxy=true&token=1314&pid=4gtv-4gtv003&cid=1
   速度: 202.15KB/s > 50KB/s | 数据量: 0.2KB | 总耗时: 0.74s
[2026-09-29 05:09:17] ⚠️ 仅读取 0.3KB 数据: http://php.jdshipin.com/TVOD/iptv.php?id=fct2
[2026-09-29 05:09:17] ✅ 测速成功: http://php.jdshipin.com/TVOD/iptv.php?id=fct2
   速度: 260.74KB/s > 50KB/s | 数据量: 0.3KB | 总耗时: 1.27s
[2026-09-29 05:09:17] ⚠️ 仅读取 0.2KB 数据: http://74.91.26.218:82/live/cctv1hd.m3u8
[2026-09-29 05:09:17] ✅ 测速成功: http://74.91.26.218:82/live/cctv1hd.m3u8
   速度: 205.08KB/s > 50KB/s | 数据量: 0.2KB | 总耗时: 0.11s
[2026-09-29 05:09:17] ❌ 测速失败: https://mytv.cdn.loc.cc/o12.php?id=fct
   错误: HTTPSConnectionPool(host='mytv.cdn.loc.cc', port=443): Max retries exceeded with url: /o12.php?id=fct (Caused by SSLError(SSLError(1, '[SSL: SSLV3_ALERT_HANDSHAKE_FAILURE] sslv3 alert handshake failure (_ssl.c:1147)'))) | 域名: mytv.cdn.loc.cc:443
[2026-09-29 05:09:18] ⚠️ 仅读取 0.3KB 数据: http://ottproxy2.ist.ooo/livehls/MOB-U1-NO/01.m3u8
[2026-09-29 05:09:18] ✅ 测速成功: http://ottproxy2.ist.ooo/livehls/MOB-U1-NO/01.m3u8
   速度: 328.12KB/s > 50KB/s | 数据量: 0.3KB | 总耗时: 0.45s
[2026-09-29 05:09:19] ⚠️ 仅读取 0.1KB 数据: https://video.bread-tv.com:8091/hls-live24/online/index.m3u8
[2026-09-29 05:09:19] ✅ 测速成功: https://video.bread-tv.com:8091/hls-live24/online/index.m3u8
   速度: 145.51KB/s > 50KB/s | 数据量: 0.1KB | 总耗时: 0.85s
[2026-09-29 05:09:20] ⚠️ 仅读取 0.3KB 数据: http://utv1.hqtvzb.com:9999/hls/world.m3u8
[2026-09-29 05:09:20] ✅ 测速成功: http://utv1.hqtvzb.com:9999/hls/world.m3u8
   速度: 257.81KB/s > 50KB/s | 数据量: 0.3KB | 总耗时: 0.77s
[2026-09-29 05:09:21] ⚠️ 仅读取 0.1KB 数据: https://live5.tdm.com.mo/ch5/info_ch5.live/playlist.m3u8
[2026-09-29 05:09:21] ✅ 测速成功: https://live5.tdm.com.mo/ch5/info_ch5.live/playlist.m3u8
   速度: 135.74KB/s > 50KB/s | 数据量: 0.1KB | 总耗时: 1.79s
[2026-09-29 05:09:21] ⚠️ 仅读取 0.2KB 数据: http://38.64.72.148:80/hls/modn/list/4007/playlist.m3u8
[2026-09-29 05:09:21] ✅ 测速成功: http://38.64.72.148:80/hls/modn/list/4007/playlist.m3u8
   速度: 227.54KB/s > 50KB/s | 数据量: 0.2KB | 总耗时: 0.10s
[2026-09-29 05:09:22] ⚠️ 仅读取 0.3KB 数据: http://61.221.215.25:8800/hls/9/index.m3u8
[2026-09-29 05:09:22] ✅ 测速成功: http://61.221.215.25:8800/hls/9/index.m3u8
   速度: 250.98KB/s > 50KB/s | 数据量: 0.3KB | 总耗时: 0.34s
[2026-09-29 05:09:23] ⚠️ 仅读取 0.8KB 数据: http://www.dalitv.com.tw:4568/live/dali/index.m3u8
[2026-09-29 05:09:23] ✅ 测速成功: http://www.dalitv.com.tw:4568/live/dali/index.m3u8
   速度: 808.59KB/s > 50KB/s | 数据量: 0.8KB | 总耗时: 0.81s
[2026-09-29 05:09:23] ⚠️ 仅读取 0.5KB 数据: http://d2e1asnsl7br7b.cloudfront.net/7782e205e72f43aeb4a48ec97f66ebbe/index_5.m3u8?zshijd$LRвҖўIPV4гҖҺзәҝи·Ҝ8гҖҸ
[2026-09-29 05:09:23] ✅ 测速成功: http://d2e1asnsl7br7b.cloudfront.net/7782e205e72f43aeb4a48ec97f66ebbe/index_5.m3u8?zshijd$LRвҖўIPV4гҖҺзәҝи·Ҝ8гҖҸ
   速度: 546.88KB/s > 50KB/s | 数据量: 0.5KB | 总耗时: 0.12s
[2026-09-29 05:09:23] ⚠️ 仅读取 0.4KB 数据: https://3abn.bozztv.com/3abn2/Kids_live/smil:Kids_live.smil/playlist.m3u8
[2026-09-29 05:09:23] ✅ 测速成功: https://3abn.bozztv.com/3abn2/Kids_live/smil:Kids_live.smil/playlist.m3u8
   速度: 382.81KB/s > 50KB/s | 数据量: 0.4KB | 总耗时: 0.45s
[2026-09-29 05:09:24] ⚠️ 仅读取 0.3KB 数据: https://w2.manasat.com/kkids/smil:kkids.smil/playlist.m3u8
[2026-09-29 05:09:24] ✅ 测速成功: https://w2.manasat.com/kkids/smil:kkids.smil/playlist.m3u8
   速度: 309.57KB/s > 50KB/s | 数据量: 0.3KB | 总耗时: 0.81s
[2026-09-29 05:09:24] ⚠️ 仅读取 0.7KB 数据: https://liveprodusphoenixeast.akamaized.net/USPhx-HD/Channel-TX-USPhx-AWS-virginia-1/Source-USPhx-16k-1-s6lk2-BP-07-02-81ykIWnsMsg_live.m3u8
[2026-09-29 05:09:24] ✅ 测速成功: https://liveprodusphoenixeast.akamaized.net/USPhx-HD/Channel-TX-USPhx-AWS-virginia-1/Source-USPhx-16k-1-s6lk2-BP-07-02-81ykIWnsMsg_live.m3u8
   速度: 700.20KB/s > 50KB/s | 数据量: 0.7KB | 总耗时: 0.11s
[2026-09-29 05:09:24] ⚠️ 仅读取 0.8KB 数据: https://nmxlive.akamaized.net/hls/live/529965/Live_1/index.m3u8
[2026-09-29 05:09:24] ✅ 测速成功: https://nmxlive.akamaized.net/hls/live/529965/Live_1/index.m3u8
   速度: 802.73KB/s > 50KB/s | 数据量: 0.8KB | 总耗时: 0.14s
[2026-09-29 05:09:24] ⚠️ 仅读取 5.1KB 数据: http://rbmn-live.akamaized.net/hls/live/590964/BoRB-AT/master_6660.m3u8
[2026-09-29 05:09:24] ✅ 测速成功: http://rbmn-live.akamaized.net/hls/live/590964/BoRB-AT/master_6660.m3u8
   速度: 5136.72KB/s > 50KB/s | 数据量: 5.1KB | 总耗时: 0.24s
[2026-09-29 05:09:25] ⚠️ 仅读取 0.5KB 数据: https://d2e1asnsl7br7b.cloudfront.net/7782e205e72f43aeb4a48ec97f66ebbe/index_5.m3u8
[2026-09-29 05:09:25] ✅ 测速成功: https://d2e1asnsl7br7b.cloudfront.net/7782e205e72f43aeb4a48ec97f66ebbe/index_5.m3u8
   速度: 546.88KB/s > 50KB/s | 数据量: 0.5KB | 总耗时: 0.28s
[2026-09-29 05:09:25] ⚠️ 仅读取 41.1KB 数据: https://dwamdstream102.akamaized.net/hls/live/2015525/dwstream102/stream05/streamPlaylist.m3u8
[2026-09-29 05:09:25] ✅ 测速成功: https://dwamdstream102.akamaized.net/hls/live/2015525/dwstream102/stream05/streamPlaylist.m3u8
   速度: 41098.63KB/s > 50KB/s | 数据量: 41.1KB | 总耗时: 0.55s
[2026-09-29 05:09:25] ❌ 测速失败: http://iptv.4666888.xyz/iptv2A.php?id=7
   错误: ('Connection aborted.', RemoteDisconnected('Remote end closed connection without response')) | 域名: iptv.4666888.xyz:80
[2026-09-29 05:09:27] ⚠️ 仅读取 3.4KB 数据: https://o11.163189.xyz/stream/tvb/tvbp/
[2026-09-29 05:09:27] ✅ 测速成功: https://o11.163189.xyz/stream/tvb/tvbp/
   速度: 3429.69KB/s > 50KB/s | 数据量: 3.4KB | 总耗时: 1.33s
[2026-09-29 05:09:28] ⚠️ 仅读取 0.3KB 数据: http://r.jdshipin.com/Voac4
[2026-09-29 05:09:28] ✅ 测速成功: http://r.jdshipin.com/Voac4
   速度: 263.67KB/s > 50KB/s | 数据量: 0.3KB | 总耗时: 1.01s
[2026-09-29 05:09:28] ⚠️ 仅读取 3.4KB 数据: https://cdn.163189.xyz/163189/viu
[2026-09-29 05:09:28] ✅ 测速成功: https://cdn.163189.xyz/163189/viu
   速度: 3429.69KB/s > 50KB/s | 数据量: 3.4KB | 总耗时: 0.29s
[2026-09-29 05:09:28] ⚠️ 仅读取 3.4KB 数据: http://cdn.163189.xyz/163189/rthk32
[2026-09-29 05:09:28] ✅ 测速成功: http://cdn.163189.xyz/163189/rthk32
   速度: 3429.69KB/s > 50KB/s | 数据量: 3.4KB | 总耗时: 0.10s
[2026-09-29 05:09:33] ❌ 测速失败: https://stream1.freetv.fun/20a385a5c465c7bbffb60b3309e265829208c3fbf4e3fd0eedbca1776b2c8f23.m3u8
   错误: HTTPSConnectionPool(host='stream1.freetv.fun', port=443): Read timed out. (read timeout=5) | 域名: stream1.freetv.fun:443
[2026-09-29 05:09:37] ⚠️ 仅读取 7.0KB 数据: https://cdn9.163189.xyz/smt3.1.1.php?id=phoenixinfo_hd
[2026-09-29 05:09:37] ✅ 测速成功: https://cdn9.163189.xyz/smt3.1.1.php?id=phoenixinfo_hd
   速度: 7026.37KB/s > 50KB/s | 数据量: 7.0KB | 总耗时: 3.69s
[2026-09-29 05:09:38] ⚠️ 仅读取 3.4KB 数据: https://cdn8.163189.xyz/163189/lhdy
[2026-09-29 05:09:38] ✅ 测速成功: https://cdn8.163189.xyz/163189/lhdy
   速度: 3429.69KB/s > 50KB/s | 数据量: 3.4KB | 总耗时: 0.63s
[2026-09-29 05:09:38] ⚠️ 仅读取 1.2KB 数据: http://feilong123.vip/409990236/tv.php?id=ssdy
[2026-09-29 05:09:38] ✅ 测速成功: http://feilong123.vip/409990236/tv.php?id=ssdy
   速度: 1202.15KB/s > 50KB/s | 数据量: 1.2KB | 总耗时: 0.83s
[2026-09-29 05:09:39] ⚠️ 仅读取 3.4KB 数据: https://cdn6.163189.xyz/163189/fct4k
[2026-09-29 05:09:39] ✅ 测速成功: https://cdn6.163189.xyz/163189/fct4k
   速度: 3429.69KB/s > 50KB/s | 数据量: 3.4KB | 总耗时: 0.31s
[2026-09-29 05:09:39] ⚠️ 仅读取 3.4KB 数据: http://cdn6.163189.xyz/163189/amty
[2026-09-29 05:09:39] ✅ 测速成功: http://cdn6.163189.xyz/163189/amty
   速度: 3429.69KB/s > 50KB/s | 数据量: 3.4KB | 总耗时: 0.11s
[2026-09-29 05:09:39] ⚠️ 仅读取 4.7KB 数据: http://tl.061833.xyz/tl/popc
[2026-09-29 05:09:39] ✅ 测速成功: http://tl.061833.xyz/tl/popc
   速度: 4718.75KB/s > 50KB/s | 数据量: 4.7KB | 总耗时: 0.58s
[2026-09-29 05:09:42] ⚠️ 仅读取 0.3KB 数据: http://8.138.7.223/tv/cwjd.php
[2026-09-29 05:09:42] ✅ 测速成功: http://8.138.7.223/tv/cwjd.php
   速度: 334.96KB/s > 50KB/s | 数据量: 0.3KB | 总耗时: 2.05s
[2026-09-29 05:09:42] ⚠️ 仅读取 6.3KB 数据: http://mytv.cdn.loc.cc/o12.php?id=fct
[2026-09-29 05:09:42] ✅ 测速成功: http://mytv.cdn.loc.cc/o12.php?id=fct
   速度: 6305.66KB/s > 50KB/s | 数据量: 6.3KB | 总耗时: 0.03s
[2026-09-29 05:09:42] ❌ 测速失败: https://6.cdn.loc.cc/163189.php?id=tvbd
   错误: HTTPSConnectionPool(host='6.cdn.loc.cc', port=443): Max retries exceeded with url: /163189.php?id=tvbd (Caused by SSLError(SSLError(1, '[SSL: SSLV3_ALERT_HANDSHAKE_FAILURE] sslv3 alert handshake failure (_ssl.c:1147)'))) | 域名: 6.cdn.loc.cc:443
[2026-09-29 05:09:52] ❌ 测速失败: https://live3.tdm.com.mo/ch3/ch3.live/playlist.m3u8
   错误: HTTPSConnectionPool(host='live3.tdm.com.mo', port=443): Max retries exceeded with url: /ch3/ch3.live/playlist.m3u8 (Caused by ConnectTimeoutError(<HTTPSConnection(host='live3.tdm.com.mo', port=443) at 0x7f3f7cc8eb20>, 'Connection to live3.tdm.com.mo timed out. (connect timeout=3.05)')) | 域名: live3.tdm.com.mo:443
[2026-09-29 05:09:53] ✅ 测速成功: http://211.72.174.95:8138/0.ts
   速度: 146.96KB/s > 50KB/s | 数据量: 104.0KB | 总耗时: 1.05s
[2026-09-29 05:09:54] ✅ 测速成功: http://211.72.174.95:8115/0.ts
   速度: 145.81KB/s > 50KB/s | 数据量: 104.0KB | 总耗时: 1.08s
[2026-09-29 05:09:55] ✅ 测速成功: http://211.72.174.95:8117/0.ts
   速度: 153.32KB/s > 50KB/s | 数据量: 104.0KB | 总耗时: 1.02s
[2026-09-29 05:09:56] ✅ 测速成功: http://211.72.174.95:8113/0.ts
   速度: 141.56KB/s > 50KB/s | 数据量: 104.0KB | 总耗时: 1.08s
[2026-09-29 05:09:57] ✅ 测速成功: http://211.72.174.95:8114/0.ts
   速度: 154.17KB/s > 50KB/s | 数据量: 104.0KB | 总耗时: 1.04s
[2026-09-29 05:09:58] ✅ 测速成功: http://211.72.174.95:8116/0.ts
   速度: 147.28KB/s > 50KB/s | 数据量: 104.0KB | 总耗时: 1.05s
[2026-09-29 05:10:00] ✅ 测速成功: http://211.72.174.95:8112/0.ts
   速度: 143.44KB/s > 50KB/s | 数据量: 104.0KB | 总耗时: 1.06s
[2026-09-29 05:10:00] ⚠️ 仅读取 0.7KB 数据: https://zoomoo-samsungau.amagi.tv/playlist.m3u8
[2026-09-29 05:10:00] ✅ 测速成功: https://zoomoo-samsungau.amagi.tv/playlist.m3u8
   速度: 712.89KB/s > 50KB/s | 数据量: 0.7KB | 总耗时: 0.34s
[2026-09-29 05:10:00] ⚠️ 仅读取 0.5KB 数据: https://appletree-mytime-samsungmexico.amagi.tv/playlist.m3u8
[2026-09-29 05:10:00] ✅ 测速成功: https://appletree-mytime-samsungmexico.amagi.tv/playlist.m3u8
   速度: 548.83KB/s > 50KB/s | 数据量: 0.5KB | 总耗时: 0.28s
[2026-09-29 05:10:00] ⚠️ 仅读取 49.6KB 数据: https://vs-hls-push-ww-live.akamaized.net/x=4/i=urn:bbc:pips:service:bbc_news_channel_hd/t=3840/v=pv14/b=5070016/main.m3u8
[2026-09-29 05:10:00] ✅ 测速成功: https://vs-hls-push-ww-live.akamaized.net/x=4/i=urn:bbc:pips:service:bbc_news_channel_hd/t=3840/v=pv14/b=5070016/main.m3u8
   速度: 4003.53KB/s > 50KB/s | 数据量: 49.6KB | 总耗时: 0.21s
[2026-09-29 05:10:01] ⚠️ 仅读取 0.9KB 数据: https://cbsn-dal.cbsnstream.cbsnews.com/out/v1/ffa98bbf7d2b4c038c229bd4d9122708/master.m3u8
[2026-09-29 05:10:01] ✅ 测速成功: https://cbsn-dal.cbsnstream.cbsnews.com/out/v1/ffa98bbf7d2b4c038c229bd4d9122708/master.m3u8
   速度: 892.58KB/s > 50KB/s | 数据量: 0.9KB | 总耗时: 0.49s
[2026-09-29 05:10:01] ⚠️ 仅读取 0.6KB 数据: https://abc-news-dmd-streams-1.akamaized.net/out/v1/701126012d044971b3fa89406a440133/index_5.m3u8
[2026-09-29 05:10:01] ✅ 测速成功: https://abc-news-dmd-streams-1.akamaized.net/out/v1/701126012d044971b3fa89406a440133/index_5.m3u8
   速度: 579.10KB/s > 50KB/s | 数据量: 0.6KB | 总耗时: 0.12s
[2026-09-29 05:10:06] ❌ 测速失败: http://lb.streaming.sk/fashiontv/stream/chunklist_w1702070444.m3u8
   错误: HTTPConnectionPool(host='lb.streaming.sk', port=80): Read timed out. (read timeout=5) | 域名: lb.streaming.sk:80
[2026-09-29 05:10:07] ⚠️ 仅读取 0.4KB 数据: https://d7x8z4yuq42qn.cloudfront.net/index_7.m3u8
[2026-09-29 05:10:07] ✅ 测速成功: https://d7x8z4yuq42qn.cloudfront.net/index_7.m3u8
   速度: 443.36KB/s > 50KB/s | 数据量: 0.4KB | 总耗时: 0.34s
[2026-09-29 05:10:08] ⚠️ 仅读取 0.1KB 数据: http://liveko24-manminglobal3.ktcdn.co.kr/liveko24/gcnko_high/playlist.m3u8
[2026-09-29 05:10:08] ✅ 测速成功: http://liveko24-manminglobal3.ktcdn.co.kr/liveko24/gcnko_high/playlist.m3u8
   速度: 103.52KB/s > 50KB/s | 数据量: 0.1KB | 总耗时: 1.07s
[2026-09-29 05:10:09] ⚠️ 仅读取 0.1KB 数据: https://ebsonair.ebs.co.kr/groundwavefamilypc/familypc1m/playlist.m3u8
[2026-09-29 05:10:09] ✅ 测速成功: https://ebsonair.ebs.co.kr/groundwavefamilypc/familypc1m/playlist.m3u8
   速度: 123.05KB/s > 50KB/s | 数据量: 0.1KB | 总耗时: 1.64s
[2026-09-29 05:10:11] ⚠️ 仅读取 0.1KB 数据: http://ebsonairios.ebs.co.kr/ebs2tablet500k/tablet500k/ebs2tablet500k.index.m3u8?zshijd
[2026-09-29 05:10:11] ✅ 测速成功: http://ebsonairios.ebs.co.kr/ebs2tablet500k/tablet500k/ebs2tablet500k.index.m3u8?zshijd
   速度: 128.91KB/s > 50KB/s | 数据量: 0.1KB | 总耗时: 1.32s
[2026-09-29 05:10:13] ⚠️ 仅读取 0.4KB 数据: https://cdntv.tbs.seoul.kr/tbs/tbs_tv_web.smil/playlist.m3u8
[2026-09-29 05:10:13] ✅ 测速成功: https://cdntv.tbs.seoul.kr/tbs/tbs_tv_web.smil/playlist.m3u8
   速度: 422.85KB/s > 50KB/s | 数据量: 0.4KB | 总耗时: 2.08s
[2026-09-29 05:10:14] ⚠️ 仅读取 0.4KB 数据: http://113.25.252.226:9901/tsfile/live/1002_1.m3u8?key=txiptv&playlive=1&authid=0
[2026-09-29 05:10:14] ✅ 测速成功: http://113.25.252.226:9901/tsfile/live/1002_1.m3u8?key=txiptv&playlive=1&authid=0
   速度: 422.85KB/s > 50KB/s | 数据量: 0.4KB | 总耗时: 1.13s
[2026-09-29 05:10:15] ⚠️ 仅读取 0.1KB 数据: https://v3.mediacast.hk/webcast/bshdlive-pc/playlist.m3u8
[2026-09-29 05:10:15] ✅ 测速成功: https://v3.mediacast.hk/webcast/bshdlive-pc/playlist.m3u8
   速度: 147.46KB/s > 50KB/s | 数据量: 0.1KB | 总耗时: 1.19s
[2026-09-29 05:10:15] ⚠️ 仅读取 0.4KB 数据: https://rthktv33-live.akamaized.net/hls/live/2101641/RTHKTV33/stream04/streamPlaylist.m3u8
[2026-09-29 05:10:15] ✅ 测速成功: https://rthktv33-live.akamaized.net/hls/live/2101641/RTHKTV33/stream04/streamPlaylist.m3u8
   速度: 448.24KB/s > 50KB/s | 数据量: 0.4KB | 总耗时: 0.21s
[2026-09-29 05:10:16] ⚠️ 仅读取 0.5KB 数据: https://rthktv34-live.akamaized.net/hls/live/2101642/RTHKTV34/stream04/streamPlaylist.m3u8
[2026-09-29 05:10:16] ✅ 测速成功: https://rthktv34-live.akamaized.net/hls/live/2101642/RTHKTV34/stream04/streamPlaylist.m3u8
   速度: 452.15KB/s > 50KB/s | 数据量: 0.5KB | 总耗时: 0.19s
[2026-09-29 05:10:16] ⚠️ 仅读取 0.5KB 数据: https://rthktv35-live.akamaized.net/hls/live/2101643/RTHKTV35/stream02/streamPlaylist.m3u8
[2026-09-29 05:10:16] ✅ 测速成功: https://rthktv35-live.akamaized.net/hls/live/2101643/RTHKTV35/stream02/streamPlaylist.m3u8
   速度: 450.20KB/s > 50KB/s | 数据量: 0.5KB | 总耗时: 0.24s
[2026-09-29 05:10:16] ⚠️ 仅读取 0.0KB 数据: http://61.216.67.119:1935/TWHG/E1/chunklist_w705811302.m3u8
[2026-09-29 05:10:16] ⚠️ 速度不足: http://61.216.67.119:1935/TWHG/E1/chunklist_w705811302.m3u8
   速度: 0.00KB/s <= 50KB/s | 数据量: 0.0KB | 总耗时: 0.33s
[2026-09-29 05:10:21] ⚠️ 仅读取 0.4KB 数据: https://tylive.kan0512.com/norecord/csztv4k_4k.m3u8
[2026-09-29 05:10:21] ✅ 测速成功: https://tylive.kan0512.com/norecord/csztv4k_4k.m3u8
   速度: 377.93KB/s > 50KB/s | 数据量: 0.4KB | 总耗时: 4.49s
[2026-09-29 05:10:22] ⚠️ 仅读取 0.3KB 数据: https://live-auth.51kandianshi.com/szgd/csztv4k_hd.m3u8
[2026-09-29 05:10:22] ✅ 测速成功: https://live-auth.51kandianshi.com/szgd/csztv4k_hd.m3u8
   速度: 297.85KB/s > 50KB/s | 数据量: 0.3KB | 总耗时: 1.73s
[2026-09-29 05:10:24] ⚠️ 仅读取 0.3KB 数据: https://event.pull.hebtv.com:443/live/live101.m3u8
[2026-09-29 05:10:24] ✅ 测速成功: https://event.pull.hebtv.com:443/live/live101.m3u8
   速度: 339.84KB/s > 50KB/s | 数据量: 0.3KB | 总耗时: 1.39s
[2026-09-29 05:10:26] ⚠️ 仅读取 0.3KB 数据: https://tencentplay.gztv.com/live/nanguodushi.m3u8?txSecret=550af55c0ea34ce492748481415b6dfa&txTime=1903e7b17de
[2026-09-29 05:10:26] ✅ 测速成功: https://tencentplay.gztv.com/live/nanguodushi.m3u8?txSecret=550af55c0ea34ce492748481415b6dfa&txTime=1903e7b17de
   速度: 300.78KB/s > 50KB/s | 数据量: 0.3KB | 总耗时: 1.96s
[2026-09-29 05:10:27] ⚠️ 仅读取 0.3KB 数据: http://tencentplay.gztv.com/live/nanguodushi.m3u8?txSecret=140110ae3d6c936a77f94c4f4d85b0d3&txTime=18d57929bd4
[2026-09-29 05:10:27] ✅ 测速成功: http://tencentplay.gztv.com/live/nanguodushi.m3u8?txSecret=140110ae3d6c936a77f94c4f4d85b0d3&txTime=18d57929bd4
   速度: 300.78KB/s > 50KB/s | 数据量: 0.3KB | 总耗时: 1.16s
[2026-09-29 05:10:27] ⚠️ 仅读取 0.2KB 数据: http://38.75.136.137:98/gslb/dsdqbv/cctv1hd.m3u8?auth=test20251009
[2026-09-29 05:10:27] ✅ 测速成功: http://38.75.136.137:98/gslb/dsdqbv/cctv1hd.m3u8?auth=test20251009
   速度: 205.08KB/s > 50KB/s | 数据量: 0.2KB | 总耗时: 0.14s
[2026-09-29 05:10:31] ⚠️ 仅读取 0.3KB 数据: http://ali-m-l.cztv.com/channels/lantian/channel001/1080p.m3u8
[2026-09-29 05:10:31] ✅ 测速成功: http://ali-m-l.cztv.com/channels/lantian/channel001/1080p.m3u8
   速度: 291.99KB/s > 50KB/s | 数据量: 0.3KB | 总耗时: 3.52s
[2026-09-29 05:10:32] ⚠️ 仅读取 0.4KB 数据: http://gfr.x3322.net:9901/tsfile/live/1072_1.m3u8
[2026-09-29 05:10:32] ✅ 测速成功: http://gfr.x3322.net:9901/tsfile/live/1072_1.m3u8
   速度: 433.59KB/s > 50KB/s | 数据量: 0.4KB | 总耗时: 1.51s
[2026-09-29 05:10:32] ⚠️ 仅读取 0.1KB 数据: https://0472.org/hls/cgtn.m3u8
[2026-09-29 05:10:32] ✅ 测速成功: https://0472.org/hls/cgtn.m3u8
   速度: 125.98KB/s > 50KB/s | 数据量: 0.1KB | 总耗时: 0.39s
[2026-09-29 05:10:33] ⚠️ 仅读取 0.2KB 数据: https://global.cgtn.cicc.media.caton.cloud/master/cgtn-america.m3u8
[2026-09-29 05:10:33] ✅ 测速成功: https://global.cgtn.cicc.media.caton.cloud/master/cgtn-america.m3u8
   速度: 221.68KB/s > 50KB/s | 数据量: 0.2KB | 总耗时: 0.36s
[2026-09-29 05:10:34] ⚠️ 仅读取 0.4KB 数据: https://dash2.antik.sk/live/test_cctv_tizen/playlist.m3u8
[2026-09-29 05:10:34] ✅ 测速成功: https://dash2.antik.sk/live/test_cctv_tizen/playlist.m3u8
   速度: 416.99KB/s > 50KB/s | 数据量: 0.4KB | 总耗时: 0.74s
[2026-09-29 05:10:34] ⚠️ 仅读取 0.2KB 数据: http://107.150.60.122/live/cctv4k.m3u8
[2026-09-29 05:10:34] ✅ 测速成功: http://107.150.60.122/live/cctv4k.m3u8
   速度: 201.17KB/s > 50KB/s | 数据量: 0.2KB | 总耗时: 0.10s
[2026-09-29 05:10:34] ⚠️ 仅读取 0.3KB 数据: https://cd-live-stream.news.cctvplus.com/live/smil:CHANNEL1.smil/playlist.m3u8
[2026-09-29 05:10:34] ✅ 测速成功: https://cd-live-stream.news.cctvplus.com/live/smil:CHANNEL1.smil/playlist.m3u8
   速度: 288.09KB/s > 50KB/s | 数据量: 0.3KB | 总耗时: 0.78s
[2026-09-29 05:10:35] ⚠️ 仅读取 0.8KB 数据: http://bp-resource-dfl.bestv.cn/148/3/video.m3u8
[2026-09-29 05:10:35] ✅ 测速成功: http://bp-resource-dfl.bestv.cn/148/3/video.m3u8
   速度: 833.01KB/s > 50KB/s | 数据量: 0.8KB | 总耗时: 0.66s
[2026-09-29 05:10:37] ⚠️ 仅读取 0.3KB 数据: https://ali-m-l.cztv.com/channels/lantian/channel10/1080p.m3u8
[2026-09-29 05:10:37] ✅ 测速成功: https://ali-m-l.cztv.com/channels/lantian/channel10/1080p.m3u8
   速度: 288.09KB/s > 50KB/s | 数据量: 0.3KB | 总耗时: 1.63s
[2026-09-29 05:10:40] ⚠️ 仅读取 0.3KB 数据: https://hwapi.yntv.net/62hdvf/rjwt14.m3u8
[2026-09-29 05:10:40] ✅ 测速成功: https://hwapi.yntv.net/62hdvf/rjwt14.m3u8
   速度: 266.60KB/s > 50KB/s | 数据量: 0.3KB | 总耗时: 3.30s
[2026-09-29 05:10:46] ❌ 测速失败: http://lvbaiducdnct.inter.ptqy.gitv.tv/tslive/c58_fast_947_1080P_t10/c58_fast_947_1080P_t10.m3u8?d
   错误: HTTPConnectionPool(host='lvbaiducdnct.inter.ptqy.gitv.tv', port=80): Read timed out. (read timeout=5) | 域名: lvbaiducdnct.inter.ptqy.gitv.tv:80
[2026-09-29 05:10:47] ⚠️ 仅读取 0.0KB 数据: http://166.0.198.156:5053/608807420
[2026-09-29 05:10:47] ⚠️ 速度不足: http://166.0.198.156:5053/608807420
   速度: 16.60KB/s <= 50KB/s | 数据量: 0.0KB | 总耗时: 0.33s
